// Jest Snapshot v1, https://goo.gl/fbAQLP

exports[`Icon 是个 icon 1`] = `
<svg
  className="fui-icon"
>
  <use
    xlinkHref="#alipay"
  />
</svg>
`;
